// Jest Snapshot v1, https://goo.gl/fbAQLP

exports[`Image component snapshot of component 1`] = `
<img
  alt="Test image"
  className="test-class"
  height={100}
  src="https://example.com/image.jpg"
  width={100}
/>
`;
